
 +---------+     +---------+              +---------+     +---------+
 |         |     |         |              |         |     |         |
 | linux01 |     | linux02 |              | linux03 |     | linux04 |
 |         |     |         |              |         |     |         |
 +----+----+     +----+----+              +----+----+     +----+----+
      | 10.1.9.2      | 10.1.9.3               | 10.1.9.4      | 10.1.9.5
  ==============================      ==============================
                             | 10.1.9.1 |
                          +--+----------+-+
                          | eth0     eth1 |
                          |    bridge01   |
                          |               |
                          +---------------+


$ ifconfig eth0 0 down
$ ifconfig eth1 0 down

$ brctl addbr br0

$ brctl addif br0 eth0
$ brctl addif br0 eth1


$ ifconfig br0 10.1.9.1 netmask 255.255.255.0 broadcast 10.1.9.255 up

$ ifconfig br0
br0 Link encap:Ethernet HWaddr 10:00:01:04:71:06 
inet addr:10.1.9.1 Bcast:10.1.9.255 Mask:255.255.255.0
UP BROADCAST RUNNING MULTICAST MTU:1500 Metric:1
RX packets:0 errors:0 dropped:0 overruns:0 frame:0
TX packets:49 errors:0 dropped:0 overruns:0 carrier:0
collisions:0 txqueuelen:0 
RX bytes:0 (0.0 b) TX bytes:9442 (9.2 KiB)


$ brctl show
bridge name bridge id STP enabled interfaces
br0 8000.100001047106 yes eth0
                          eth1


bridge01:/$ ping -c 1 -n 10.1.9.2
PING 10.1.9.2 (10.1.9.2) 56(84) bytes of data.
64 bytes from 10.1.9.2: icmp_seq=1 ttl=64 time=20.6 ms

bridge01:/$ ping -c 1 -n 10.1.9.4
PING 10.1.9.4 (10.1.9.4) 56(84) bytes of data.
64 bytes from 10.1.9.4: icmp_seq=1 ttl=64 time=20.6 ms



linux01:/$ ping -c 1 -n 10.1.9.5
PING 10.1.9.5 (10.1.9.5) 56(84) bytes of data.
64 bytes from 10.1.9.5: icmp_seq=1 ttl=64 time=20.6 ms


bridge01:/$ brctl showmacs br0
port no mac addr is local? ageing timer
2 10:00:01:02:24:04 no 0.49
1 10:00:01:02:95:35 no 0.98
1 10:00:01:02:34:56 no 3.84
2 10:00:01:03:26:02 no 9.19
1 10:00:01:03:73:03 yes 0.00
2 10:00:01:04:71:06 yes 0.00


$ brctl setageingtime br0 40

## Remove bridge ports and interfaces
$ brctl delif br0 eth1

$ ifconfig br0 down
$ brctl delbr br0 

